2026-03-08 09:14:12,115 | INFO     | database | ✅ Base de datos inicializada: job_bot.db
2026-03-08 09:14:12,115 | ERROR    | __main__ | ❌ TELEGRAM_TOKEN no configurado.
   1. Creá el archivo .env
   2. Copiá el contenido de .env.example
   3. Completá TELEGRAM_TOKEN con el token de @BotFather
2026-03-08 09:19:53,211 | INFO     | database | ✅ Base de datos inicializada: job_bot.db
2026-03-08 09:19:53,211 | INFO     | __main__ | 🚀 Iniciando Job Monitor Bot para Buenos Aires...
2026-03-08 09:19:53,212 | INFO     | __main__ | 📡 Fuentes activas: indeed_ar, computrabajo, bumeran, tecnoempleo, custom_rss
2026-03-08 09:22:19,603 | INFO     | database | ✅ Base de datos inicializada: job_bot.db
2026-03-08 09:22:19,604 | INFO     | __main__ | 🚀 Iniciando Job Monitor Bot para Buenos Aires...
2026-03-08 09:22:19,605 | INFO     | __main__ | 📡 Fuentes activas: indeed_ar, computrabajo, bumeran, tecnoempleo, custom_rss
2026-03-08 09:26:30,919 | INFO     | database | ✅ Base de datos inicializada: job_bot.db
2026-03-08 09:26:30,919 | INFO     | __main__ | 🚀 Iniciando Job Monitor Bot para Buenos Aires...
2026-03-08 09:26:30,920 | INFO     | __main__ | 📡 Fuentes activas: indeed_ar, computrabajo, bumeran, tecnoempleo, custom_rss
2026-03-08 09:26:31,492 | INFO     | __main__ | ⏰ Scheduler iniciado. Primer chequeo en 5 minutos.
2026-03-08 09:26:31,492 | INFO     | __main__ | ✅ Bot listo. Scheduler en background (primer chequeo en 5 min).
2026-03-08 09:26:31,494 | INFO     | __main__ | 📡 Esperando mensajes... Presioná Ctrl+C para detener.
2026-03-08 09:27:47,726 | INFO     | database | ✅ Base de datos inicializada: job_bot.db
2026-03-08 09:27:47,726 | INFO     | __main__ | 🚀 Iniciando Job Monitor Bot para Buenos Aires...
2026-03-08 09:27:47,727 | INFO     | __main__ | 📡 Fuentes activas: indeed_ar, computrabajo, bumeran, tecnoempleo, custom_rss
2026-03-08 09:27:48,379 | INFO     | __main__ | ⏰ Scheduler iniciado. Primer chequeo en 5 minutos.
2026-03-08 09:27:48,379 | INFO     | __main__ | ✅ Bot listo. Scheduler en background (primer chequeo en 5 min).
2026-03-08 09:27:48,380 | INFO     | __main__ | 📡 Esperando mensajes... Presioná Ctrl+C para detener.
2026-03-08 09:30:55,626 | INFO     | database | ✅ Base de datos inicializada: job_bot.db
2026-03-08 09:30:55,627 | INFO     | __main__ | 🚀 Iniciando Job Monitor Bot para Buenos Aires...
2026-03-08 09:30:55,627 | INFO     | __main__ | 📡 Fuentes activas: indeed_ar, computrabajo, bumeran, tecnoempleo, custom_rss
2026-03-08 09:32:32,031 | INFO     | database | ✅ Base de datos inicializada: job_bot.db
2026-03-08 09:32:32,031 | INFO     | __main__ | 🚀 Iniciando Job Monitor Bot para Buenos Aires...
2026-03-08 09:32:32,032 | INFO     | __main__ | 📡 Fuentes activas: indeed_ar, computrabajo, bumeran, tecnoempleo, custom_rss
2026-03-08 09:32:32,615 | INFO     | __main__ | ⏰ Scheduler iniciado. Primer chequeo en 5 minutos.
2026-03-08 09:32:32,615 | INFO     | __main__ | ✅ Bot listo. Scheduler en background (primer chequeo en 5 min).
2026-03-08 09:32:32,615 | INFO     | __main__ | 📡 Esperando mensajes... Presioná Ctrl+C para detener.
2026-03-08 09:32:35,092 | INFO     | telegram.ext.Application | Application started
2026-03-08 09:35:01,811 | INFO     | scheduler | Chequeando trabajos para 6722199376 | 8 keywords | Buenos Aires Argentina
2026-03-08 09:35:01,811 | INFO     | job_scraper | 🔍 Buscando: 'Python junior'
2026-03-08 09:35:02,240 | INFO     | job_scraper |   ✅ Indeed AR: 0 resultado(s)
2026-03-08 09:35:07,332 | INFO     | job_scraper |   ✅ Computrabajo: 0 resultado(s)
2026-03-08 09:35:10,959 | INFO     | job_scraper |   ✅ Bumeran: 0 resultado(s)
2026-03-08 09:35:13,960 | INFO     | job_scraper | 🔍 Buscando: 'SQL developer junior'
2026-03-08 09:35:14,113 | INFO     | job_scraper |   ✅ Indeed AR: 0 resultado(s)
2026-03-08 09:35:19,274 | INFO     | job_scraper |   ✅ Computrabajo: 0 resultado(s)
2026-03-08 09:35:22,887 | INFO     | job_scraper |   ✅ Bumeran: 0 resultado(s)
2026-03-08 09:35:25,887 | INFO     | job_scraper | 🔍 Buscando: 'backend trainee'
2026-03-08 09:35:26,242 | INFO     | job_scraper |   ✅ Indeed AR: 0 resultado(s)
2026-03-08 09:35:31,302 | INFO     | job_scraper |   ✅ Computrabajo: 0 resultado(s)
2026-03-08 09:35:34,942 | INFO     | job_scraper |   ✅ Bumeran: 0 resultado(s)
2026-03-08 09:35:37,943 | INFO     | job_scraper | 🔍 Buscando: 'desarrollador junior'
2026-03-08 09:35:38,225 | INFO     | job_scraper |   ✅ Indeed AR: 0 resultado(s)
2026-03-08 09:35:43,253 | INFO     | job_scraper |   ✅ Computrabajo: 0 resultado(s)
2026-03-08 09:35:46,867 | INFO     | job_scraper |   ✅ Bumeran: 0 resultado(s)
2026-03-08 09:35:49,868 | INFO     | job_scraper | 🔍 Buscando: 'fullstack junior'
2026-03-08 09:35:50,228 | INFO     | job_scraper |   ✅ Indeed AR: 0 resultado(s)
2026-03-08 09:35:55,429 | INFO     | job_scraper |   ✅ Computrabajo: 0 resultado(s)
2026-03-08 09:35:59,038 | INFO     | job_scraper |   ✅ Bumeran: 0 resultado(s)
2026-03-08 09:36:02,175 | INFO     | job_scraper |   ✅ Tecnoempleo: 0 resultado(s)
2026-03-08 09:36:02,176 | INFO     | job_scraper | 📊 Total jobs únicos encontrados: 0
2026-03-08 09:36:02,179 | INFO     | scheduler | Sin nuevas ofertas para 6722199376 (total encontradas: 0)
2026-03-08 09:37:32,615 | INFO     | __main__ | ⏰ Iniciando ciclo automático del scheduler...
2026-03-08 09:37:32,625 | INFO     | __main__ | 👥 0 usuario(s) con alertas activas
2026-03-08 09:37:32,625 | INFO     | __main__ | ✅ Ciclo automático completado. Próximo en 2h.
2026-03-08 10:07:57,638 | INFO     | scheduler | Chequeando trabajos para 6722199376 | 8 keywords | Buenos Aires Argentina
2026-03-08 10:07:57,638 | INFO     | job_scraper | 🔍 Buscando: 'Python junior'
2026-03-08 10:07:57,858 | INFO     | job_scraper |   ✅ Indeed AR: 0 resultado(s)
2026-03-08 10:08:03,047 | INFO     | job_scraper |   ✅ Computrabajo: 0 resultado(s)
2026-03-08 10:08:06,660 | INFO     | job_scraper |   ✅ Bumeran: 0 resultado(s)
2026-03-08 10:08:09,661 | INFO     | job_scraper | 🔍 Buscando: 'SQL developer junior'
2026-03-08 10:08:10,136 | INFO     | job_scraper |   ✅ Indeed AR: 0 resultado(s)
2026-03-08 10:08:26,590 | INFO     | database | ✅ Base de datos inicializada: job_bot.db
2026-03-08 10:08:26,591 | INFO     | __main__ | 🚀 Iniciando Job Monitor Bot para Buenos Aires...
2026-03-08 10:08:26,591 | INFO     | __main__ | 📡 Fuentes activas: linkedin_google, remotive, arbeitnow, jobicy, custom_rss
2026-03-08 10:08:27,225 | INFO     | __main__ | ⏰ Scheduler iniciado. Primer chequeo en 5 minutos.
2026-03-08 10:08:27,225 | INFO     | __main__ | ✅ Bot listo. Scheduler en background (primer chequeo en 5 min).
2026-03-08 10:08:27,226 | INFO     | __main__ | 📡 Esperando mensajes... Presioná Ctrl+C para detener.
2026-03-08 10:08:28,196 | INFO     | telegram.ext.Application | Application started
2026-03-08 10:08:31,863 | INFO     | scheduler | Chequeando trabajos para 6722199376 | 8 keywords | Buenos Aires Argentina
2026-03-08 10:08:31,863 | INFO     | job_scraper | 🔍 Buscando: 'Python junior'
2026-03-08 10:08:32,520 | INFO     | job_scraper |   ✅ Remotive: 0 resultado(s)
2026-03-08 10:08:34,400 | INFO     | job_scraper |   ✅ Arbeitnow: 10 resultado(s)
2026-03-08 10:08:36,309 | INFO     | job_scraper |   ✅ Jobicy: 0 resultado(s)
2026-03-08 10:08:37,944 | INFO     | job_scraper |   ✅ LinkedIn AR: 10 resultado(s)
2026-03-08 10:08:39,945 | INFO     | job_scraper | 🔍 Buscando: 'SQL developer junior'
2026-03-08 10:08:40,555 | INFO     | job_scraper |   ✅ Remotive: 0 resultado(s)
2026-03-08 10:08:42,245 | INFO     | job_scraper |   ✅ Arbeitnow: 10 resultado(s)
2026-03-08 10:08:44,117 | INFO     | job_scraper |   ✅ Jobicy: 0 resultado(s)
2026-03-08 10:08:45,773 | INFO     | job_scraper |   ✅ LinkedIn AR: 5 resultado(s)
2026-03-08 10:08:47,774 | INFO     | job_scraper | 🔍 Buscando: 'backend trainee'
2026-03-08 10:08:48,420 | INFO     | job_scraper |   ✅ Remotive: 0 resultado(s)
2026-03-08 10:08:50,375 | INFO     | job_scraper |   ✅ Arbeitnow: 10 resultado(s)
2026-03-08 10:08:52,250 | INFO     | job_scraper |   ✅ Jobicy: 0 resultado(s)
2026-03-08 10:08:54,108 | INFO     | job_scraper |   ✅ LinkedIn AR: 5 resultado(s)
2026-03-08 10:08:56,109 | INFO     | job_scraper | 🔍 Buscando: 'desarrollador junior'
2026-03-08 10:08:56,743 | INFO     | job_scraper |   ✅ Remotive: 0 resultado(s)
2026-03-08 10:08:58,460 | INFO     | job_scraper |   ✅ Arbeitnow: 10 resultado(s)
2026-03-08 10:09:00,322 | INFO     | job_scraper |   ✅ Jobicy: 0 resultado(s)
2026-03-08 10:09:01,872 | INFO     | job_scraper |   ✅ LinkedIn AR: 9 resultado(s)
2026-03-08 10:09:03,873 | INFO     | job_scraper | 🔍 Buscando: 'fullstack junior'
2026-03-08 10:09:04,211 | INFO     | job_scraper |   ✅ Remotive: 0 resultado(s)
2026-03-08 10:09:05,577 | INFO     | job_scraper |   ✅ Arbeitnow: 10 resultado(s)
2026-03-08 10:09:06,904 | INFO     | job_scraper |   ✅ Jobicy: 0 resultado(s)
2026-03-08 10:09:08,519 | INFO     | job_scraper |   ✅ LinkedIn AR: 10 resultado(s)
2026-03-08 10:09:10,519 | INFO     | job_scraper | 📊 Total jobs únicos: 51 | Después de filtro de ubicación (Buenos Aires Argentina): 38
2026-03-08 10:09:10,541 | INFO     | scheduler | Enviando 37 nuevas ofertas al usuario 6722199376
2026-03-08 10:09:25,103 | INFO     | scheduler | ✅ Enviadas 15 ofertas al usuario 6722199376
2026-03-08 10:13:27,226 | INFO     | __main__ | ⏰ Iniciando ciclo automático del scheduler...
2026-03-08 10:13:27,227 | INFO     | __main__ | 👥 0 usuario(s) con alertas activas
2026-03-08 10:13:27,228 | INFO     | __main__ | ✅ Ciclo automático completado. Próximo en 2h.
2026-03-08 10:22:02,350 | INFO     | database | ✅ Base de datos inicializada: job_bot.db
2026-03-08 10:22:02,350 | INFO     | __main__ | 🚀 Iniciando Job Monitor Bot para Buenos Aires...
2026-03-08 10:22:02,351 | INFO     | __main__ | 📡 Fuentes activas: linkedin_google, remotive, arbeitnow, jobicy, custom_rss
2026-03-08 10:22:02,961 | INFO     | __main__ | ⏰ Scheduler iniciado. Primer chequeo en 5 minutos.
2026-03-08 10:22:02,961 | INFO     | __main__ | ✅ Bot listo. Scheduler en background (primer chequeo en 5 min).
2026-03-08 10:22:02,962 | INFO     | __main__ | 📡 Esperando mensajes... Presioná Ctrl+C para detener.
2026-03-08 10:22:03,939 | INFO     | telegram.ext.Application | Application started
2026-03-08 10:23:20,253 | ERROR    | telegram.ext.Application | No error handlers are registered, logging exception.
Traceback (most recent call last):
  File "C:\Users\ignac\AppData\Local\Programs\Python\Python314\Lib\site-packages\telegram\ext\_application.py", line 1335, in process_update
    await coroutine
  File "C:\Users\ignac\AppData\Local\Programs\Python\Python314\Lib\site-packages\telegram\ext\_handlers\conversationhandler.py", line 857, in handle_update
    new_state: object = await handler.handle_update(
                        ^^^^^^^^^^^^^^^^^^^^^^^^^^^^
        update, application, handler_check_result, context
        ^^^^^^^^^^^^^^^^^^^^^^^^^^^^^^^^^^^^^^^^^^^^^^^^^^
    )
    ^
  File "C:\Users\ignac\AppData\Local\Programs\Python\Python314\Lib\site-packages\telegram\ext\_handlers\basehandler.py", line 158, in handle_update
    return await self.callback(update, context)
           ^^^^^^^^^^^^^^^^^^^^^^^^^^^^^^^^^^^^
  File "C:\Users\ignac\Downloads\job_bot\bot.py", line 300, in preferencias_recibe_location
    await update.message.reply_text(
    ...<10 lines>...
    )
  File "C:\Users\ignac\AppData\Local\Programs\Python\Python314\Lib\site-packages\telegram\_message.py", line 1762, in reply_text
    return await self.get_bot().send_message(
           ^^^^^^^^^^^^^^^^^^^^^^^^^^^^^^^^^^
    ...<19 lines>...
    )
    ^
  File "C:\Users\ignac\AppData\Local\Programs\Python\Python314\Lib\site-packages\telegram\ext\_extbot.py", line 2909, in send_message
    return await super().send_message(
           ^^^^^^^^^^^^^^^^^^^^^^^^^^^
    ...<20 lines>...
    )
    ^
  File "C:\Users\ignac\AppData\Local\Programs\Python\Python314\Lib\site-packages\telegram\_bot.py", line 1029, in send_message
    return await self._send_message(
           ^^^^^^^^^^^^^^^^^^^^^^^^^
    ...<18 lines>...
    )
    ^
  File "C:\Users\ignac\AppData\Local\Programs\Python\Python314\Lib\site-packages\telegram\ext\_extbot.py", line 610, in _send_message
    result = await super()._send_message(
             ^^^^^^^^^^^^^^^^^^^^^^^^^^^^
    ...<20 lines>...
    )
    ^
  File "C:\Users\ignac\AppData\Local\Programs\Python\Python314\Lib\site-packages\telegram\_bot.py", line 745, in _send_message
    result = await self._post(
             ^^^^^^^^^^^^^^^^^
    ...<7 lines>...
    )
    ^
  File "C:\Users\ignac\AppData\Local\Programs\Python\Python314\Lib\site-packages\telegram\_bot.py", line 623, in _post
    return await self._do_post(
           ^^^^^^^^^^^^^^^^^^^^
    ...<6 lines>...
    )
    ^
  File "C:\Users\ignac\AppData\Local\Programs\Python\Python314\Lib\site-packages\telegram\ext\_extbot.py", line 355, in _do_post
    return await super()._do_post(
           ^^^^^^^^^^^^^^^^^^^^^^^
    ...<6 lines>...
    )
    ^
  File "C:\Users\ignac\AppData\Local\Programs\Python\Python314\Lib\site-packages\telegram\_bot.py", line 652, in _do_post
    result = await request.post(
             ^^^^^^^^^^^^^^^^^^^
    ...<6 lines>...
    )
    ^
  File "C:\Users\ignac\AppData\Local\Programs\Python\Python314\Lib\site-packages\telegram\request\_baserequest.py", line 201, in post
    result = await self._request_wrapper(
             ^^^^^^^^^^^^^^^^^^^^^^^^^^^^
    ...<7 lines>...
    )
    ^
  File "C:\Users\ignac\AppData\Local\Programs\Python\Python314\Lib\site-packages\telegram\request\_baserequest.py", line 382, in _request_wrapper
    raise BadRequest(message)
telegram.error.BadRequest: Can't parse entities: can't find end of the entity starting at byte offset 522
2026-03-08 10:27:02,962 | INFO     | __main__ | ⏰ Iniciando ciclo automático del scheduler...
2026-03-08 10:27:02,963 | INFO     | __main__ | 👥 0 usuario(s) con alertas activas
2026-03-08 10:27:02,963 | INFO     | __main__ | ✅ Ciclo automático completado. Próximo en 2h.
2026-03-08 10:43:18,412 | INFO     | database | ✅ Base de datos inicializada: job_bot.db
2026-03-08 10:43:18,413 | INFO     | __main__ | 🚀 Iniciando Job Monitor Bot para Buenos Aires...
2026-03-08 10:43:18,413 | INFO     | __main__ | 📡 Fuentes activas: linkedin_google, remotive, arbeitnow, jobicy, custom_rss
2026-03-08 10:43:19,055 | INFO     | __main__ | ⏰ Scheduler iniciado. Primer chequeo en 5 minutos.
2026-03-08 10:43:19,055 | INFO     | __main__ | ✅ Bot listo. Scheduler en background (primer chequeo en 5 min).
2026-03-08 10:43:19,055 | INFO     | __main__ | 📡 Esperando mensajes... Presioná Ctrl+C para detener.
2026-03-08 10:43:20,006 | INFO     | telegram.ext.Application | Application started
2026-03-08 10:44:16,181 | INFO     | scheduler | Chequeando trabajos para 6722199376 | 10 keywords | Buenos Aires Argentina
2026-03-08 10:44:16,181 | INFO     | job_scraper | 🔍 Buscando: 'IT'
2026-03-08 10:44:17,216 | INFO     | job_scraper |   ✅ Remotive: 10 resultado(s)
2026-03-08 10:44:19,196 | INFO     | job_scraper |   ✅ Arbeitnow: 10 resultado(s)
2026-03-08 10:44:21,434 | INFO     | job_scraper |   ✅ Jobicy: 10 resultado(s)
2026-03-08 10:44:23,143 | INFO     | job_scraper |   ✅ LinkedIn AR: 10 resultado(s)
2026-03-08 10:44:25,144 | INFO     | job_scraper | 🔍 Buscando: 'IT pasantía'
2026-03-08 10:44:25,812 | INFO     | job_scraper |   ✅ Remotive: 0 resultado(s)
2026-03-08 10:44:27,531 | INFO     | job_scraper |   ✅ Arbeitnow: 10 resultado(s)
2026-03-08 10:44:29,386 | INFO     | job_scraper |   ✅ Jobicy: 0 resultado(s)
2026-03-08 10:44:31,084 | INFO     | job_scraper |   ✅ LinkedIn AR: 8 resultado(s)
2026-03-08 10:44:33,085 | INFO     | job_scraper | 🔍 Buscando: 'IT trainee'
2026-03-08 10:44:33,719 | INFO     | job_scraper |   ✅ Remotive: 0 resultado(s)
2026-03-08 10:44:36,103 | INFO     | job_scraper |   ✅ Arbeitnow: 10 resultado(s)
2026-03-08 10:44:37,958 | INFO     | job_scraper |   ✅ Jobicy: 0 resultado(s)
2026-03-08 10:44:39,611 | INFO     | job_scraper |   ✅ LinkedIn AR: 9 resultado(s)
2026-03-08 10:44:41,612 | INFO     | job_scraper | 🔍 Buscando: 'desarrollo'
2026-03-08 10:44:42,234 | INFO     | job_scraper |   ✅ Remotive: 0 resultado(s)
2026-03-08 10:44:43,969 | INFO     | job_scraper |   ✅ Arbeitnow: 10 resultado(s)
2026-03-08 10:44:45,820 | INFO     | job_scraper |   ✅ Jobicy: 0 resultado(s)
2026-03-08 10:44:47,484 | INFO     | job_scraper |   ✅ LinkedIn AR: 1 resultado(s)
2026-03-08 10:44:49,484 | INFO     | job_scraper | 🔍 Buscando: 'desarrollo pasantía'
2026-03-08 10:44:50,137 | INFO     | job_scraper |   ✅ Remotive: 0 resultado(s)
2026-03-08 10:44:51,883 | INFO     | job_scraper |   ✅ Arbeitnow: 10 resultado(s)
2026-03-08 10:44:53,758 | INFO     | job_scraper |   ✅ Jobicy: 0 resultado(s)
2026-03-08 10:44:55,411 | INFO     | job_scraper |   ✅ LinkedIn AR: 4 resultado(s)
2026-03-08 10:44:57,412 | INFO     | job_scraper | 📊 Total jobs únicos: 60 | Después de filtro de ubicación (Buenos Aires Argentina): 38
2026-03-08 10:44:57,433 | INFO     | scheduler | Enviando 28 nuevas ofertas al usuario 6722199376
2026-03-08 10:45:11,971 | INFO     | scheduler | ✅ Enviadas 15 ofertas al usuario 6722199376
